// component: (top level)
// library: work
// files:
/home/master/Work/synopsys/dw_iip_DWC_ddrctl_lpddr54_1.10a-lca00/i_DWC_ddrctl_lpddr54/src/DWC_ddrctl.sv
/home/master/Work/synopsys/dw_iip_DWC_ddrctl_lpddr54_1.10a-lca00/i_DWC_ddrctl_lpddr54/src/te/te_mux.sv
/home/master/Work/synopsys/dw_iip_DWC_ddrctl_lpddr54_1.10a-lca00/i_DWC_ddrctl_lpddr54/src/be/bypass.sv
/home/master/Work/synopsys/dw_iip_DWC_ddrctl_lpddr54_1.10a-lca00/i_DWC_ddrctl_lpddr54/src/dr/derate.sv
/home/master/Work/synopsys/dw_iip_DWC_ddrctl_lpddr54_1.10a-lca00/i_DWC_ddrctl_lpddr54/src/rd/rd_wrapper.sv
/home/master/Work/synopsys/dw_iip_DWC_ddrctl_lpddr54_1.10a-lca00/i_DWC_ddrctl_lpddr54/src/rd/rd.sv
/home/master/Work/synopsys/dw_iip_DWC_ddrctl_lpddr54_1.10a-lca00/i_DWC_ddrctl_lpddr54/src/ih/ih_core_in_if.sv
/home/master/Work/synopsys/dw_iip_DWC_ddrctl_lpddr54_1.10a-lca00/i_DWC_ddrctl_lpddr54/src/ih/ih_core_out_if.sv
/home/master/Work/synopsys/dw_iip_DWC_ddrctl_lpddr54_1.10a-lca00/i_DWC_ddrctl_lpddr54/src/ih/ih_address_map.sv
/home/master/Work/synopsys/dw_iip_DWC_ddrctl_lpddr54_1.10a-lca00/i_DWC_ddrctl_lpddr54/src/ih/ih_address_map_wrapper.sv
/home/master/Work/synopsys/dw_iip_DWC_ddrctl_lpddr54_1.10a-lca00/i_DWC_ddrctl_lpddr54/src/ih/ih_address_map_pkt.sv
/home/master/Work/synopsys/dw_iip_DWC_ddrctl_lpddr54_1.10a-lca00/i_DWC_ddrctl_lpddr54/src/ih/ih_be_if.sv
/home/master/Work/synopsys/dw_iip_DWC_ddrctl_lpddr54_1.10a-lca00/i_DWC_ddrctl_lpddr54/src/ih/ih_te_if.sv
/home/master/Work/synopsys/dw_iip_DWC_ddrctl_lpddr54_1.10a-lca00/i_DWC_ddrctl_lpddr54/src/ih/ih_fifo_if.sv
/home/master/Work/synopsys/dw_iip_DWC_ddrctl_lpddr54_1.10a-lca00/i_DWC_ddrctl_lpddr54/src/ih/ih_te_pipeline.sv
/home/master/Work/synopsys/dw_iip_DWC_ddrctl_lpddr54_1.10a-lca00/i_DWC_ddrctl_lpddr54/src/ih/ih.sv
/home/master/Work/synopsys/dw_iip_DWC_ddrctl_lpddr54_1.10a-lca00/i_DWC_ddrctl_lpddr54/src/ih/ih_token_fifo.sv
/home/master/Work/synopsys/dw_iip_DWC_ddrctl_lpddr54_1.10a-lca00/i_DWC_ddrctl_lpddr54/src/ih/ih_retry_mux.sv
/home/master/Work/synopsys/dw_iip_DWC_ddrctl_lpddr54_1.10a-lca00/i_DWC_ddrctl_lpddr54/src/mr/mr_data_steering.sv
/home/master/Work/synopsys/dw_iip_DWC_ddrctl_lpddr54_1.10a-lca00/i_DWC_ddrctl_lpddr54/src/mr/mr_ram_rd_pipeline.sv
/home/master/Work/synopsys/dw_iip_DWC_ddrctl_lpddr54_1.10a-lca00/i_DWC_ddrctl_lpddr54/src/mr/mr.sv
/home/master/Work/synopsys/dw_iip_DWC_ddrctl_lpddr54_1.10a-lca00/i_DWC_ddrctl_lpddr54/src/mr/mr_wrapper.sv
/home/master/Work/synopsys/dw_iip_DWC_ddrctl_lpddr54_1.10a-lca00/i_DWC_ddrctl_lpddr54/src/mr/mr_latency_calc.sv
/home/master/Work/synopsys/dw_iip_DWC_ddrctl_lpddr54_1.10a-lca00/i_DWC_ddrctl_lpddr54/src/mr/mr_data_phase_ctrl.sv
/home/master/Work/synopsys/dw_iip_DWC_ddrctl_lpddr54_1.10a-lca00/i_DWC_ddrctl_lpddr54/src/pi/pi.sv
/home/master/Work/synopsys/dw_iip_DWC_ddrctl_lpddr54_1.10a-lca00/i_DWC_ddrctl_lpddr54/src/rt/rt.sv
/home/master/Work/synopsys/dw_iip_DWC_ddrctl_lpddr54_1.10a-lca00/i_DWC_ddrctl_lpddr54/src/te/te_nxt_vp_update.sv
/home/master/Work/synopsys/dw_iip_DWC_ddrctl_lpddr54_1.10a-lca00/i_DWC_ddrctl_lpddr54/src/te/te_filter.sv
/home/master/Work/synopsys/dw_iip_DWC_ddrctl_lpddr54_1.10a-lca00/i_DWC_ddrctl_lpddr54/src/te/te_filter_2lv.sv
/home/master/Work/synopsys/dw_iip_DWC_ddrctl_lpddr54_1.10a-lca00/i_DWC_ddrctl_lpddr54/src/te/te_entry_crit.sv
/home/master/Work/synopsys/dw_iip_DWC_ddrctl_lpddr54_1.10a-lca00/i_DWC_ddrctl_lpddr54/src/te/te_rd_nxt.sv
/home/master/Work/synopsys/dw_iip_DWC_ddrctl_lpddr54_1.10a-lca00/i_DWC_ddrctl_lpddr54/src/te/te_wr_nxt.sv
/home/master/Work/synopsys/dw_iip_DWC_ddrctl_lpddr54_1.10a-lca00/i_DWC_ddrctl_lpddr54/src/te/te_rd_replace.sv
/home/master/Work/synopsys/dw_iip_DWC_ddrctl_lpddr54_1.10a-lca00/i_DWC_ddrctl_lpddr54/src/te/te_wr_replace.sv
/home/master/Work/synopsys/dw_iip_DWC_ddrctl_lpddr54_1.10a-lca00/i_DWC_ddrctl_lpddr54/src/te/te_rd_cam.sv
/home/master/Work/synopsys/dw_iip_DWC_ddrctl_lpddr54_1.10a-lca00/i_DWC_ddrctl_lpddr54/src/te/te_rd_entry.sv
/home/master/Work/synopsys/dw_iip_DWC_ddrctl_lpddr54_1.10a-lca00/i_DWC_ddrctl_lpddr54/src/te/te_rd_mux.sv
/home/master/Work/synopsys/dw_iip_DWC_ddrctl_lpddr54_1.10a-lca00/i_DWC_ddrctl_lpddr54/src/te/teengine.sv
/home/master/Work/synopsys/dw_iip_DWC_ddrctl_lpddr54_1.10a-lca00/i_DWC_ddrctl_lpddr54/src/te/te_wr_cam.sv
/home/master/Work/synopsys/dw_iip_DWC_ddrctl_lpddr54_1.10a-lca00/i_DWC_ddrctl_lpddr54/src/te/te_wr_entry.sv
/home/master/Work/synopsys/dw_iip_DWC_ddrctl_lpddr54_1.10a-lca00/i_DWC_ddrctl_lpddr54/src/te/te_wr_mux.sv
/home/master/Work/synopsys/dw_iip_DWC_ddrctl_lpddr54_1.10a-lca00/i_DWC_ddrctl_lpddr54/src/te/te_misc.sv
/home/master/Work/synopsys/dw_iip_DWC_ddrctl_lpddr54_1.10a-lca00/i_DWC_ddrctl_lpddr54/src/te/te_hmatrix.sv
/home/master/Work/synopsys/dw_iip_DWC_ddrctl_lpddr54_1.10a-lca00/i_DWC_ddrctl_lpddr54/src/te/te_oldest_tracker.sv
/home/master/Work/synopsys/dw_iip_DWC_ddrctl_lpddr54_1.10a-lca00/i_DWC_ddrctl_lpddr54/src/ts/bsm.sv
/home/master/Work/synopsys/dw_iip_DWC_ddrctl_lpddr54_1.10a-lca00/i_DWC_ddrctl_lpddr54/src/ts/bsm_pre_act.sv
/home/master/Work/synopsys/dw_iip_DWC_ddrctl_lpddr54_1.10a-lca00/i_DWC_ddrctl_lpddr54/src/ts/gs_dqsosc.sv
/home/master/Work/synopsys/dw_iip_DWC_ddrctl_lpddr54_1.10a-lca00/i_DWC_ddrctl_lpddr54/src/ts/gs_phyupd.sv
/home/master/Work/synopsys/dw_iip_DWC_ddrctl_lpddr54_1.10a-lca00/i_DWC_ddrctl_lpddr54/src/ts/gs_phymstr.sv
/home/master/Work/synopsys/dw_iip_DWC_ddrctl_lpddr54_1.10a-lca00/i_DWC_ddrctl_lpddr54/src/ts/gs_ctrlupd.sv
/home/master/Work/synopsys/dw_iip_DWC_ddrctl_lpddr54_1.10a-lca00/i_DWC_ddrctl_lpddr54/src/ts/gs_zq_calib.sv
/home/master/Work/synopsys/dw_iip_DWC_ddrctl_lpddr54_1.10a-lca00/i_DWC_ddrctl_lpddr54/src/ts/gs_global_constraints.sv
/home/master/Work/synopsys/dw_iip_DWC_ddrctl_lpddr54_1.10a-lca00/i_DWC_ddrctl_lpddr54/src/ts/gs_global_fsm.sv
/home/master/Work/synopsys/dw_iip_DWC_ddrctl_lpddr54_1.10a-lca00/i_DWC_ddrctl_lpddr54/src/ts/gs_global_fsm_sr_hw_lp.sv
/home/master/Work/synopsys/dw_iip_DWC_ddrctl_lpddr54_1.10a-lca00/i_DWC_ddrctl_lpddr54/src/ts/gs_dfilp.sv
/home/master/Work/synopsys/dw_iip_DWC_ddrctl_lpddr54_1.10a-lca00/i_DWC_ddrctl_lpddr54/src/ts/gs_q_fsm.sv
/home/master/Work/synopsys/dw_iip_DWC_ddrctl_lpddr54_1.10a-lca00/i_DWC_ddrctl_lpddr54/src/ts/gs_glue.sv
/home/master/Work/synopsys/dw_iip_DWC_ddrctl_lpddr54_1.10a-lca00/i_DWC_ddrctl_lpddr54/src/ts/gs_init_ddr_fsm.sv
/home/master/Work/synopsys/dw_iip_DWC_ddrctl_lpddr54_1.10a-lca00/i_DWC_ddrctl_lpddr54/src/ts/gs_next_xact.sv
/home/master/Work/synopsys/dw_iip_DWC_ddrctl_lpddr54_1.10a-lca00/i_DWC_ddrctl_lpddr54/src/ts/gs_rank_constraints.sv
/home/master/Work/synopsys/dw_iip_DWC_ddrctl_lpddr54_1.10a-lca00/i_DWC_ddrctl_lpddr54/src/ts/gs_odt.sv
/home/master/Work/synopsys/dw_iip_DWC_ddrctl_lpddr54_1.10a-lca00/i_DWC_ddrctl_lpddr54/src/ts/gs.sv
/home/master/Work/synopsys/dw_iip_DWC_ddrctl_lpddr54_1.10a-lca00/i_DWC_ddrctl_lpddr54/src/ts/gs_load_mr.sv
/home/master/Work/synopsys/dw_iip_DWC_ddrctl_lpddr54_1.10a-lca00/i_DWC_ddrctl_lpddr54/src/ts/gs_wck.sv
/home/master/Work/synopsys/dw_iip_DWC_ddrctl_lpddr54_1.10a-lca00/i_DWC_ddrctl_lpddr54/src/ts/os_glue.sv
/home/master/Work/synopsys/dw_iip_DWC_ddrctl_lpddr54_1.10a-lca00/i_DWC_ddrctl_lpddr54/src/ts/ts.sv
/home/master/Work/synopsys/dw_iip_DWC_ddrctl_lpddr54_1.10a-lca00/i_DWC_ddrctl_lpddr54/src/wu/memc_wu.sv
/home/master/Work/synopsys/dw_iip_DWC_ddrctl_lpddr54_1.10a-lca00/i_DWC_ddrctl_lpddr54/src/wu/memc_wu_wdata_if.sv
/home/master/Work/synopsys/dw_iip_DWC_ddrctl_lpddr54_1.10a-lca00/i_DWC_ddrctl_lpddr54/src/fifo/ingot_sync_fifo_flopout_rst.sv
/home/master/Work/synopsys/dw_iip_DWC_ddrctl_lpddr54_1.10a-lca00/i_DWC_ddrctl_lpddr54/src/fifo/ingot_sync_fifo_flopout_rst_rep.sv
/home/master/Work/synopsys/dw_iip_DWC_ddrctl_lpddr54_1.10a-lca00/i_DWC_ddrctl_lpddr54/src/dfi/wrdata_no_toggle.sv
/home/master/Work/synopsys/dw_iip_DWC_ddrctl_lpddr54_1.10a-lca00/i_DWC_ddrctl_lpddr54/src/dfi/dfi_ctrl.sv
/home/master/Work/synopsys/dw_iip_DWC_ddrctl_lpddr54_1.10a-lca00/i_DWC_ddrctl_lpddr54/src/dfi/dfi_data.sv
/home/master/Work/synopsys/dw_iip_DWC_ddrctl_lpddr54_1.10a-lca00/i_DWC_ddrctl_lpddr54/src/dfi/dfi_ic.sv
/home/master/Work/synopsys/dw_iip_DWC_ddrctl_lpddr54_1.10a-lca00/i_DWC_ddrctl_lpddr54/src/dfi/dfi_ic_cp.sv
/home/master/Work/synopsys/dw_iip_DWC_ddrctl_lpddr54_1.10a-lca00/i_DWC_ddrctl_lpddr54/src/dfi/dfi_ic_dp_lpddr.sv
/home/master/Work/synopsys/dw_iip_DWC_ddrctl_lpddr54_1.10a-lca00/i_DWC_ddrctl_lpddr54/src/dfi/dwc_ddrctl_dfi_ctrlmsg.sv
/home/master/Work/synopsys/dw_iip_DWC_ddrctl_lpddr54_1.10a-lca00/i_DWC_ddrctl_lpddr54/src/top/dwc_ddrctl_reg_div.sv
/home/master/Work/synopsys/dw_iip_DWC_ddrctl_lpddr54_1.10a-lca00/i_DWC_ddrctl_lpddr54/src/top/dwc_ddrctl_reg_ff.sv
/home/master/Work/synopsys/dw_iip_DWC_ddrctl_lpddr54_1.10a-lca00/i_DWC_ddrctl_lpddr54/src/top/dwc_ddrctl_regmux_div.sv
/home/master/Work/synopsys/dw_iip_DWC_ddrctl_lpddr54_1.10a-lca00/i_DWC_ddrctl_lpddr54/src/top/dwc_ddrctl_ddrc_cpfcpeic.sv
/home/master/Work/synopsys/dw_iip_DWC_ddrctl_lpddr54_1.10a-lca00/i_DWC_ddrctl_lpddr54/src/top/dwc_ddrctl_ddrc_cpedfiic.sv
/home/master/Work/synopsys/dw_iip_DWC_ddrctl_lpddr54_1.10a-lca00/i_DWC_ddrctl_lpddr54/src/top/dwc_ddrctl_ddrc_cperegic.sv
/home/master/Work/synopsys/dw_iip_DWC_ddrctl_lpddr54_1.10a-lca00/i_DWC_ddrctl_lpddr54/src/top/dwc_ddrctl_ddrc_cpperfic.sv
/home/master/Work/synopsys/dw_iip_DWC_ddrctl_lpddr54_1.10a-lca00/i_DWC_ddrctl_lpddr54/src/top/dwc_ddrctl_ddrc_cpf.sv
/home/master/Work/synopsys/dw_iip_DWC_ddrctl_lpddr54_1.10a-lca00/i_DWC_ddrctl_lpddr54/src/top/dwc_ddrctl_ddrc_cpe.sv
/home/master/Work/synopsys/dw_iip_DWC_ddrctl_lpddr54_1.10a-lca00/i_DWC_ddrctl_lpddr54/src/top/dwc_ddrctl_ddrc_cp.sv
/home/master/Work/synopsys/dw_iip_DWC_ddrctl_lpddr54_1.10a-lca00/i_DWC_ddrctl_lpddr54/src/top/dwc_ddrctl_ddrc_cp_top.sv
/home/master/Work/synopsys/dw_iip_DWC_ddrctl_lpddr54_1.10a-lca00/i_DWC_ddrctl_lpddr54/src/top/dwc_ddrctl_ddrc_dp.sv
/home/master/Work/synopsys/dw_iip_DWC_ddrctl_lpddr54_1.10a-lca00/i_DWC_ddrctl_lpddr54/src/top/dwc_ddrctl_ddrc.sv
/home/master/Work/synopsys/dw_iip_DWC_ddrctl_lpddr54_1.10a-lca00/i_DWC_ddrctl_lpddr54/src/top/ddrc_assertions.sv
/home/master/Work/synopsys/dw_iip_DWC_ddrctl_lpddr54_1.10a-lca00/i_DWC_ddrctl_lpddr54/src/top/dwc_ddrctl_tb_hif_mux.sv
/home/master/Work/synopsys/dw_iip_DWC_ddrctl_lpddr54_1.10a-lca00/i_DWC_ddrctl_lpddr54/src/top/dwc_ddrctl_tb_dfi_mux.sv
/home/master/Work/synopsys/dw_iip_DWC_ddrctl_lpddr54_1.10a-lca00/i_DWC_ddrctl_lpddr54/src/ih/ih_assertions.sv
/home/master/Work/synopsys/dw_iip_DWC_ddrctl_lpddr54_1.10a-lca00/i_DWC_ddrctl_lpddr54/src/pi/pi_assertions.sv
/home/master/Work/synopsys/dw_iip_DWC_ddrctl_lpddr54_1.10a-lca00/i_DWC_ddrctl_lpddr54/src/te/te_assertions.sv
/home/master/Work/synopsys/dw_iip_DWC_ddrctl_lpddr54_1.10a-lca00/i_DWC_ddrctl_lpddr54/src/ts/gs_assertions.sv
/home/master/Work/synopsys/dw_iip_DWC_ddrctl_lpddr54_1.10a-lca00/i_DWC_ddrctl_lpddr54/src/ts/ts_assertions.sv
/home/master/Work/synopsys/dw_iip_DWC_ddrctl_lpddr54_1.10a-lca00/i_DWC_ddrctl_lpddr54/src/apb/DWC_ddrctl_bcm25.sv
/home/master/Work/synopsys/dw_iip_DWC_ddrctl_lpddr54_1.10a-lca00/i_DWC_ddrctl_lpddr54/src/apb/DWC_ddrctl_bcm23.sv
/home/master/Work/synopsys/dw_iip_DWC_ddrctl_lpddr54_1.10a-lca00/i_DWC_ddrctl_lpddr54/src/apb/DWC_ddrctl_bcm36_nhs.sv
/home/master/Work/synopsys/dw_iip_DWC_ddrctl_lpddr54_1.10a-lca00/i_DWC_ddrctl_lpddr54/src/apb/DWC_ddr_umctl2_bcmwrp36_nhs_inject_x.sv
/home/master/Work/synopsys/dw_iip_DWC_ddrctl_lpddr54_1.10a-lca00/i_DWC_ddrctl_lpddr54/src/apb/DWC_ddr_umctl2_rstn_sync.sv
/home/master/Work/synopsys/dw_iip_DWC_ddrctl_lpddr54_1.10a-lca00/i_DWC_ddrctl_lpddr54/src/apb/DWC_ddr_umctl2_wr_en_sync.sv
/home/master/Work/synopsys/dw_iip_DWC_ddrctl_lpddr54_1.10a-lca00/i_DWC_ddrctl_lpddr54/src/apb/DWC_ddr_umctl2_reg_en.sv
/home/master/Work/synopsys/dw_iip_DWC_ddrctl_lpddr54_1.10a-lca00/i_DWC_ddrctl_lpddr54/src/apb/DWC_ddr_umctl2_datasync.sv
/home/master/Work/synopsys/dw_iip_DWC_ddrctl_lpddr54_1.10a-lca00/i_DWC_ddrctl_lpddr54/src/apb/DWC_ddr_umctl2_onetoset.sv
/home/master/Work/synopsys/dw_iip_DWC_ddrctl_lpddr54_1.10a-lca00/i_DWC_ddrctl_lpddr54/src/apb/DWC_ddrctl_apb_coreif.sv
/home/master/Work/synopsys/dw_iip_DWC_ddrctl_lpddr54_1.10a-lca00/i_DWC_ddrctl_lpddr54/src/apb/DWC_ddrctl_apb_adrdec.sv
/home/master/Work/synopsys/dw_iip_DWC_ddrctl_lpddr54_1.10a-lca00/i_DWC_ddrctl_lpddr54/src/apb/DWC_ddrctl_apb_slvif.sv
/home/master/Work/synopsys/dw_iip_DWC_ddrctl_lpddr54_1.10a-lca00/i_DWC_ddrctl_lpddr54/src/apb/DWC_ddrctl_apb_slvfsm.sv
/home/master/Work/synopsys/dw_iip_DWC_ddrctl_lpddr54_1.10a-lca00/i_DWC_ddrctl_lpddr54/src/apb/DWC_ddrctl_apb_slvtop.sv
/home/master/Work/synopsys/dw_iip_DWC_ddrctl_lpddr54_1.10a-lca00/i_DWC_ddrctl_lpddr54/src/ocpar/DWC_ddrctl_antivalent_reg.sv
/home/master/Work/synopsys/dw_iip_DWC_ddrctl_lpddr54_1.10a-lca00/i_DWC_ddrctl_lpddr54/src/select_nets/select_net_hmatrix.sv
/home/master/Work/synopsys/dw_iip_DWC_ddrctl_lpddr54_1.10a-lca00/i_DWC_ddrctl_lpddr54/src/select_nets/select_net_oh.sv
/home/master/Work/synopsys/dw_iip_DWC_ddrctl_lpddr54_1.10a-lca00/i_DWC_ddrctl_lpddr54/src/common/DWC_ddrctl_bcm57.sv
/home/master/Work/synopsys/dw_iip_DWC_ddrctl_lpddr54_1.10a-lca00/i_DWC_ddrctl_lpddr54/src/pa/DWC_ddr_umctl2_pm_mask.sv
/home/master/Work/synopsys/dw_iip_DWC_ddrctl_lpddr54_1.10a-lca00/i_DWC_ddrctl_lpddr54/src/arb_top/DWC_ddr_arb_top.sv
/home/master/Work/synopsys/dw_iip_DWC_ddrctl_lpddr54_1.10a-lca00/i_DWC_ddrctl_lpddr54/src/xpi/field_packer10.sv
/home/master/Work/synopsys/dw_iip_DWC_ddrctl_lpddr54_1.10a-lca00/i_DWC_ddrctl_lpddr54/src/xpi/field_packer13.sv
/home/master/Work/synopsys/dw_iip_DWC_ddrctl_lpddr54_1.10a-lca00/i_DWC_ddrctl_lpddr54/src/xpi/field_packer15.sv
/home/master/Work/synopsys/dw_iip_DWC_ddrctl_lpddr54_1.10a-lca00/i_DWC_ddrctl_lpddr54/src/xpi/DWC_ddr_umctl2_assomem.sv
/home/master/Work/synopsys/dw_iip_DWC_ddrctl_lpddr54_1.10a-lca00/i_DWC_ddrctl_lpddr54/src/xpi/DWC_ddr_umctl2_gfifo.sv
/home/master/Work/synopsys/dw_iip_DWC_ddrctl_lpddr54_1.10a-lca00/i_DWC_ddrctl_lpddr54/src/xpi/async_fifo_checker.sv
/home/master/Work/synopsys/dw_iip_DWC_ddrctl_lpddr54_1.10a-lca00/i_DWC_ddrctl_lpddr54/src/xpi/sync_fifo_checker.sv
/home/master/Work/synopsys/dw_iip_DWC_ddrctl_lpddr54_1.10a-lca00/i_DWC_ddrctl_lpddr54/src/xpi/DWC_ddr_umctl2_gafifo.sv
/home/master/Work/synopsys/dw_iip_DWC_ddrctl_lpddr54_1.10a-lca00/i_DWC_ddrctl_lpddr54/src/xpi/DWC_ddr_umctl2_gafifo_split.sv
/home/master/Work/synopsys/dw_iip_DWC_ddrctl_lpddr54_1.10a-lca00/i_DWC_ddrctl_lpddr54/src/xpi/DWC_ddr_umctl2_xpi_rmw.sv
/home/master/Work/synopsys/dw_iip_DWC_ddrctl_lpddr54_1.10a-lca00/i_DWC_ddrctl_lpddr54/src/xpi/DWC_ddr_umctl2_xpi_dcm.sv
/home/master/Work/synopsys/dw_iip_DWC_ddrctl_lpddr54_1.10a-lca00/i_DWC_ddrctl_lpddr54/src/xpi/DWC_ddr_umctl2_xpi_tm.sv
/home/master/Work/synopsys/dw_iip_DWC_ddrctl_lpddr54_1.10a-lca00/i_DWC_ddrctl_lpddr54/src/xpi/DWC_ddr_umctl2_xpi_rrb.sv
/home/master/Work/synopsys/dw_iip_DWC_ddrctl_lpddr54_1.10a-lca00/i_DWC_ddrctl_lpddr54/src/common/DWC_ddrctl_vqueue.sv
/home/master/Work/synopsys/dw_iip_DWC_ddrctl_lpddr54_1.10a-lca00/i_DWC_ddrctl_lpddr54/src/xpi/DWC_ddr_umctl2_xpi_lpfsm.sv
/home/master/Work/synopsys/dw_iip_DWC_ddrctl_lpddr54_1.10a-lca00/i_DWC_ddrctl_lpddr54/src/xpi/DWC_ddr_umctl2_xpi_ws.sv
/home/master/Work/synopsys/dw_iip_DWC_ddrctl_lpddr54_1.10a-lca00/i_DWC_ddrctl_lpddr54/src/xpi/DWC_ddr_umctl2_xpi_ws_wrapper.sv
/home/master/Work/synopsys/dw_iip_DWC_ddrctl_lpddr54_1.10a-lca00/i_DWC_ddrctl_lpddr54/src/xpi/DWC_ddr_umctl2_xpi_rp.sv
/home/master/Work/synopsys/dw_iip_DWC_ddrctl_lpddr54_1.10a-lca00/i_DWC_ddrctl_lpddr54/src/xpi/DWC_ddr_umctl2_xpi_rp_wrapper.sv
/home/master/Work/synopsys/dw_iip_DWC_ddrctl_lpddr54_1.10a-lca00/i_DWC_ddrctl_lpddr54/src/xpi/DWC_ddr_umctl2_xpi_wp.sv
/home/master/Work/synopsys/dw_iip_DWC_ddrctl_lpddr54_1.10a-lca00/i_DWC_ddrctl_lpddr54/src/xpi/DWC_ddr_umctl2_xpi_wp_wrapper.sv
/home/master/Work/synopsys/dw_iip_DWC_ddrctl_lpddr54_1.10a-lca00/i_DWC_ddrctl_lpddr54/src/xpi/DWC_ddr_umctl2_xpi_dg.sv
/home/master/Work/synopsys/dw_iip_DWC_ddrctl_lpddr54_1.10a-lca00/i_DWC_ddrctl_lpddr54/src/xpi/DWC_ddr_umctl2_xpi_disp.sv
/home/master/Work/synopsys/dw_iip_DWC_ddrctl_lpddr54_1.10a-lca00/i_DWC_ddrctl_lpddr54/src/xpi/DWC_ddr_umctl2_xpi_cnvg.sv
/home/master/Work/synopsys/dw_iip_DWC_ddrctl_lpddr54_1.10a-lca00/i_DWC_ddrctl_lpddr54/src/xpi/DWC_ddr_umctl2_xpi_df.sv
/home/master/Work/synopsys/dw_iip_DWC_ddrctl_lpddr54_1.10a-lca00/i_DWC_ddrctl_lpddr54/src/xpi/DWC_ddr_umctl2_xpi_ad.sv
/home/master/Work/synopsys/dw_iip_DWC_ddrctl_lpddr54_1.10a-lca00/i_DWC_ddrctl_lpddr54/src/xpi/DWC_ddr_umctl2_xpi_wdd.sv
/home/master/Work/synopsys/dw_iip_DWC_ddrctl_lpddr54_1.10a-lca00/i_DWC_ddrctl_lpddr54/src/xpi/DWC_ddr_umctl2_xpi_rdu.sv
/home/master/Work/synopsys/dw_iip_DWC_ddrctl_lpddr54_1.10a-lca00/i_DWC_ddrctl_lpddr54/src/xpi/DWC_ddr_umctl2_xpi_rd_q.sv
/home/master/Work/synopsys/dw_iip_DWC_ddrctl_lpddr54_1.10a-lca00/i_DWC_ddrctl_lpddr54/src/xpi/DWC_ddr_umctl2_xpi_qos.sv
/home/master/Work/synopsys/dw_iip_DWC_ddrctl_lpddr54_1.10a-lca00/i_DWC_ddrctl_lpddr54/src/xpi/DWC_ddr_umctl2_xpi_write.sv
/home/master/Work/synopsys/dw_iip_DWC_ddrctl_lpddr54_1.10a-lca00/i_DWC_ddrctl_lpddr54/src/xpi/DWC_ddr_umctl2_xpi_read.sv
/home/master/Work/synopsys/dw_iip_DWC_ddrctl_lpddr54_1.10a-lca00/i_DWC_ddrctl_lpddr54/src/xpi/DWC_ddr_umctl2_xpi.sv
/home/master/Work/synopsys/dw_iip_DWC_ddrctl_lpddr54_1.10a-lca00/i_DWC_ddrctl_lpddr54/src/xpi/DWC_ddr_umctl2_xpi_and.sv
/home/master/Work/synopsys/dw_iip_DWC_ddrctl_lpddr54_1.10a-lca00/i_DWC_ddrctl_lpddr54/src/xpi/DWC_ddr_umctl2_retime.sv
/home/master/Work/synopsys/dw_iip_DWC_ddrctl_lpddr54_1.10a-lca00/i_DWC_ddrctl_lpddr54/src/xpi/DWC_ddrctl_bcm21.sv
/home/master/Work/synopsys/dw_iip_DWC_ddrctl_lpddr54_1.10a-lca00/i_DWC_ddrctl_lpddr54/src/xpi/DWC_ddrctl_bcm05.sv
/home/master/Work/synopsys/dw_iip_DWC_ddrctl_lpddr54_1.10a-lca00/i_DWC_ddrctl_lpddr54/src/xpi/DWC_ddrctl_bcm07.sv
/home/master/Work/synopsys/dw_iip_DWC_ddrctl_lpddr54_1.10a-lca00/i_DWC_ddrctl_lpddr54/src/xpi/DWC_ddrctl_bcm02.sv
/home/master/Work/synopsys/dw_iip_DWC_ddrctl_lpddr54_1.10a-lca00/i_DWC_ddrctl_lpddr54/src/xpi/DWC_ddrctl_bcm06.sv
/home/master/Work/synopsys/dw_iip_DWC_ddrctl_lpddr54_1.10a-lca00/i_DWC_ddrctl_lpddr54/src/xpi/DWC_ddrctl_bcm50.sv
/home/master/Work/synopsys/dw_iip_DWC_ddrctl_lpddr54_1.10a-lca00/i_DWC_ddrctl_lpddr54/src/xpi/DWC_ddrctl_bcm56.sv
/home/master/Work/synopsys/dw_iip_DWC_ddrctl_lpddr54_1.10a-lca00/i_DWC_ddrctl_lpddr54/src/xpi/DWC_ddrctl_bcm_wrap_mem_array.sv
/home/master/Work/synopsys/dw_iip_DWC_ddrctl_lpddr54_1.10a-lca00/i_DWC_ddrctl_lpddr54/src/xpi/DWC_ddrctl_bcm65.sv
/home/master/Work/synopsys/dw_iip_DWC_ddrctl_lpddr54_1.10a-lca00/i_DWC_ddrctl_lpddr54/src/xpi/DWC_ddrctl_bcm58.sv
/home/master/Work/synopsys/dw_iip_DWC_ddrctl_lpddr54_1.10a-lca00/i_DWC_ddrctl_lpddr54/src/xpi/DWC_ddrctl_bcm66_wae.sv
/home/master/Work/synopsys/dw_iip_DWC_ddrctl_lpddr54_1.10a-lca00/i_DWC_ddrctl_lpddr54/src/xpi/DWC_ddrctl_bcm95_i.sv
/home/master/Work/synopsys/dw_iip_DWC_ddrctl_lpddr54_1.10a-lca00/i_DWC_ddrctl_lpddr54/src/xpi/DWC_ddrctl_bvm02.sv
/home/master/Work/synopsys/dw_iip_DWC_ddrctl_lpddr54_1.10a-lca00/i_DWC_ddrctl_lpddr54/src/occap/DWC_ddr_umctl2_par_reg.sv
/home/master/Work/synopsys/dw_iip_DWC_ddrctl_lpddr54_1.10a-lca00/i_DWC_ddrctl_lpddr54/src/apb/DWC_ddr_umctl2_bitsync.sv
/home/master/Work/synopsys/dw_iip_DWC_ddrctl_lpddr54_1.10a-lca00/i_DWC_ddrctl_lpddr54/src/select_nets/select_node_lite.sv
/home/master/Work/synopsys/dw_iip_DWC_ddrctl_lpddr54_1.10a-lca00/i_DWC_ddrctl_lpddr54/src/select_nets/select_net_lite.sv
/home/master/Work/synopsys/dw_iip_DWC_ddrctl_lpddr54_1.10a-lca00/i_DWC_ddrctl_lpddr54/src/pa/DWC_ddr_umctl2_pa.sv
/home/master/Work/synopsys/dw_iip_DWC_ddrctl_lpddr54_1.10a-lca00/i_DWC_ddrctl_lpddr54/src/pa/DWC_ddr_umctl2_pa_arb.sv
/home/master/Work/synopsys/dw_iip_DWC_ddrctl_lpddr54_1.10a-lca00/i_DWC_ddrctl_lpddr54/src/pa/DWC_ddr_umctl2_pa_dual.sv
/home/master/Work/synopsys/dw_iip_DWC_ddrctl_lpddr54_1.10a-lca00/i_DWC_ddrctl_lpddr54/src/pa/DWC_ddr_umctl2_pa_port.sv
/home/master/Work/synopsys/dw_iip_DWC_ddrctl_lpddr54_1.10a-lca00/i_DWC_ddrctl_lpddr54/src/pa/DWC_ddr_umctl2_pa_preproc.sv
/home/master/Work/synopsys/dw_iip_DWC_ddrctl_lpddr54_1.10a-lca00/i_DWC_ddrctl_lpddr54/src/pa/DWC_ddr_umctl2_pa_priocomp.sv
/home/master/Work/synopsys/dw_iip_DWC_ddrctl_lpddr54_1.10a-lca00/i_DWC_ddrctl_lpddr54/src/pa/DWC_ddr_umctl2_pa_roundrobincore.sv
/home/master/Work/synopsys/dw_iip_DWC_ddrctl_lpddr54_1.10a-lca00/i_DWC_ddrctl_lpddr54/src/pa/DWC_ddr_umctl2_hif_cmd.sv
/home/master/Work/synopsys/dw_iip_DWC_ddrctl_lpddr54_1.10a-lca00/i_DWC_ddrctl_lpddr54/src/pa/DWC_ddr_umctl2_hif_data.sv
/home/master/Work/synopsys/dw_iip_DWC_ddrctl_lpddr54_1.10a-lca00/i_DWC_ddrctl_lpddr54/src/DWC_ddrctl-undef.svh

